Loaded=True
Root=Activity
Inner=True
InnerNS=http://schemas.microsoft.com/netfx/2009/xaml/activities
VariablesByLocal=1
VariablesByName=0
ChildCount=49
CHILD Sequence.Variables NS=http://schemas.microsoft.com/netfx/2009/xaml/activities
CHILD WorkflowViewStateService.ViewState NS=http://schemas.microsoft.com/netfx/2009/xaml/activities/presentation
CHILD ReadPDFText NS=http://schemas.uipath.com/workflow/activities
CHILD Assign NS=http://schemas.microsoft.com/netfx/2009/xaml/activities
CHILD Assign NS=http://schemas.microsoft.com/netfx/2009/xaml/activities
CHILD Assign NS=http://schemas.microsoft.com/netfx/2009/xaml/activities
CHILD Assign NS=http://schemas.microsoft.com/netfx/2009/xaml/activities
CHILD Assign NS=http://schemas.microsoft.com/netfx/2009/xaml/activities
CHILD Assign NS=http://schemas.microsoft.com/netfx/2009/xaml/activities
CHILD Assign NS=http://schemas.microsoft.com/netfx/2009/xaml/activities
CHILD Assign NS=http://schemas.microsoft.com/netfx/2009/xaml/activities
CHILD Assign NS=http://schemas.microsoft.com/netfx/2009/xaml/activities
CHILD BuildDataTable NS=http://schemas.uipath.com/workflow/activities
CHILD Assign NS=http://schemas.microsoft.com/netfx/2009/xaml/activities
CHILD ForEach NS=http://schemas.uipath.com/workflow/activities
CHILD LogMessage NS=http://schemas.uipath.com/workflow/activities
CHILD ForEachRow NS=http://schemas.uipath.com/workflow/activities
CHILD MessageBox NS=http://schemas.uipath.com/workflow/activities
CHILD Assign NS=http://schemas.microsoft.com/netfx/2009/xaml/activities
CHILD Assign NS=http://schemas.microsoft.com/netfx/2009/xaml/activities
CHILD If NS=http://schemas.microsoft.com/netfx/2009/xaml/activities
CHILD If NS=http://schemas.microsoft.com/netfx/2009/xaml/activities
CHILD If NS=http://schemas.microsoft.com/netfx/2009/xaml/activities
CHILD If NS=http://schemas.microsoft.com/netfx/2009/xaml/activities
